2026-09-18T19:45:19.621+07:00  INFO 9909 --- [add2num-web] [main] com.add2num.web.Add2NumApplication       : Starting Add2NumApplication using Java 23.0.2 with PID 9909 (/Users/tranlong/Add2Num/web/target/classes started by tranlong in /Users/tranlong/Add2Num)
2026-09-18T19:45:19.622+07:00 DEBUG 9909 --- [add2num-web] [main] com.add2num.web.Add2NumApplication       : Running with Spring Boot v3.3.4, Spring v6.1.13
2026-09-18T19:45:19.623+07:00  INFO 9909 --- [add2num-web] [main] com.add2num.web.Add2NumApplication       : No active profile set, falling back to 1 default profile: "default"
2026-09-18T19:45:20.053+07:00  INFO 9909 --- [add2num-web] [main] o.s.b.w.embedded.tomcat.TomcatWebServer  : Tomcat initialized with port 8081 (http)
2026-09-18T19:45:20.060+07:00  INFO 9909 --- [add2num-web] [main] o.apache.catalina.core.StandardService   : Starting service [Tomcat]
2026-09-18T19:45:20.060+07:00  INFO 9909 --- [add2num-web] [main] o.apache.catalina.core.StandardEngine    : Starting Servlet engine: [Apache Tomcat/10.1.30]
2026-09-18T19:45:20.082+07:00  INFO 9909 --- [add2num-web] [main] o.a.c.c.C.[Tomcat].[localhost].[/]       : Initializing Spring embedded WebApplicationContext
2026-09-18T19:45:20.082+07:00  INFO 9909 --- [add2num-web] [main] w.s.c.ServletWebServerApplicationContext : Root WebApplicationContext: initialization completed in 431 ms
2026-09-18T19:45:20.139+07:00  INFO 9909 --- [add2num-web] [main] o.s.b.a.w.s.WelcomePageHandlerMapping    : Adding welcome page template: index
2026-09-18T19:45:20.250+07:00  WARN 9909 --- [add2num-web] [main] ConfigServletWebServerApplicationContext : Exception encountered during context initialization - cancelling refresh attempt: org.springframework.context.ApplicationContextException: Failed to start bean 'webServerStartStop'
2026-09-18T19:45:20.258+07:00  INFO 9909 --- [add2num-web] [main] .s.b.a.l.ConditionEvaluationReportLogger : 

Error starting ApplicationContext. To display the condition evaluation report re-run your application with 'debug' enabled.
2026-09-18T19:45:20.265+07:00 ERROR 9909 --- [add2num-web] [main] o.s.b.d.LoggingFailureAnalysisReporter   : 

***************************
APPLICATION FAILED TO START
***************************

Description:

Web server failed to start. Port 8081 was already in use.

Action:

Identify and stop the process that's listening on port 8081 or configure this application to listen on another port.

